<?xml version="1.0" encoding="UTF-8"?>
<testsuites name="jest tests" tests="3" failures="0" errors="0" time="5.681">
  <testsuite name="UPLOAD" errors="0" failures="0" skipped="0" timestamp="2024-04-22T19:57:16" time="4.925" tests="3">
    <testcase classname="UPLOAD upload single document" name="UPLOAD upload single document" time="0.482">
    </testcase>
    <testcase classname="UPLOAD upload multiple documents" name="UPLOAD upload multiple documents" time="0.39">
    </testcase>
    <testcase classname="UPLOAD upload multiple documents" name="UPLOAD upload multiple documents" time="0.655">
    </testcase>
  </testsuite>
</testsuites>